#
# There is insufficient memory for the Java Runtime Environment to continue.
# Native memory allocation (malloc) failed to allocate 2090096 bytes. Error detail: Chunk::new
# Possible reasons:
#   The system is out of physical RAM or swap space
#   This process is running with CompressedOops enabled, and the Java Heap may be blocking the growth of the native heap
# Possible solutions:
#   Reduce memory load on the system
#   Increase physical memory or swap space
#   Check if swap backing store is full
#   Decrease Java heap size (-Xmx/-Xms)
#   Decrease number of Java threads
#   Decrease Java thread stack sizes (-Xss)
#   Set larger code cache with -XX:ReservedCodeCacheSize=
#   JVM is running with Unscaled Compressed Oops mode in which the Java heap is
#     placed in the first 4GB address space. The Java Heap base address is the
#     maximum limit for the native heap growth. Please use -XX:HeapBaseMinAddress
#     to set the Java Heap base and to place the Java Heap above 4GB virtual address.
# This output file may be truncated or incomplete.
#
#  Out of Memory Error (arena.cpp:168), pid=19868, tid=14156
#
# JRE version: OpenJDK Runtime Environment (21.0.10) (build 21.0.10+-14961533-b1163.108)
# Java VM: OpenJDK 64-Bit Server VM (21.0.10+-14961533-b1163.108, mixed mode, tiered, compressed oops, compressed class ptrs, g1 gc, windows-amd64)
# No core dump will be written. Minidumps are not enabled by default on client versions of Windows
#

---------------  S U M M A R Y ------------

Command Line: --add-opens=java.base/java.lang=ALL-UNNAMED --add-opens=java.base/java.lang.invoke=ALL-UNNAMED --add-opens=java.base/java.util=ALL-UNNAMED --add-opens=java.prefs/java.util.prefs=ALL-UNNAMED --add-exports=jdk.compiler/com.sun.tools.javac.api=ALL-UNNAMED --add-exports=jdk.compiler/com.sun.tools.javac.util=ALL-UNNAMED --add-opens=java.base/java.util=ALL-UNNAMED --add-opens=java.prefs/java.util.prefs=ALL-UNNAMED --add-opens=java.base/java.nio.charset=ALL-UNNAMED --add-opens=java.base/java.net=ALL-UNNAMED --add-opens=java.base/java.util.concurrent=ALL-UNNAMED --add-opens=java.base/java.util.concurrent.atomic=ALL-UNNAMED --add-opens=java.xml/javax.xml.namespace=ALL-UNNAMED --add-opens=java.base/java.time=ALL-UNNAMED -Xmx2048m -Dfile.encoding=UTF-8 -Duser.country=EC -Duser.language=es -Duser.variant -javaagent:C:\TAREAS-APLICACIONES\wrapper\dists\gradle-9.4.1-bin\arn2x92ynaizyzdaamcbpbhtj\gradle-9.4.1\lib\agents\gradle-instrumentation-agent-9.4.1.jar org.gradle.launcher.daemon.bootstrap.GradleDaemon 9.4.1

Host: Intel(R) Core(TM) i5-10210U CPU @ 1.60GHz, 8 cores, 3G,  Windows 11 , 64 bit Build 26100 (10.0.26100.9168)
Time: Mon Aug 17 17:06:50 2026 Hora est. Pacífico, Sudamérica elapsed time: 10.628114 seconds (0d 0h 0m 10s)

---------------  T H R E A D  ---------------

Current thread (0x000002b6b2336e50):  JavaThread "C2 CompilerThread0" daemon [_thread_in_native, id=14156, stack(0x000000bab8200000,0x000000bab8300000) (1024K)]


Current CompileTask:
C2:10628 2732   !   4       java.util.zip.InflaterInputStream::read (129 bytes)

Stack: [0x000000bab8200000,0x000000bab8300000]
Native frames: (J=compiled Java code, j=interpreted, Vv=VM code, C=native code)
V  [jvm.dll+0x6d78a9]
V  [jvm.dll+0x8665b3]
V  [jvm.dll+0x868bde]
V  [jvm.dll+0x8692c3]
V  [jvm.dll+0x280ee6]
V  [jvm.dll+0xc07cd]
V  [jvm.dll+0xc0d03]
V  [jvm.dll+0x3ba091]
V  [jvm.dll+0x1e0052]
V  [jvm.dll+0x249d24]
V  [jvm.dll+0x2491a1]
V  [jvm.dll+0x1c76e4]
V  [jvm.dll+0x25891e]
V  [jvm.dll+0x256e66]
V  [jvm.dll+0x3f513e]
V  [jvm.dll+0x80fd28]
V  [jvm.dll+0x6d60fd]
C  [ucrtbase.dll+0x2cd30]
C  [KERNEL32.DLL+0x2ccb7]
C  [ntdll.dll+0xaad6c]


---------------  P R O C E S S  ---------------

Threads class SMR info:
_java_thread_list=0x000002b6b9c15d90, length=24, elements={
0x000002b69aaad290, 0x000002b6b2306300, 0x000002b6b2308980, 0x000002b6b23097e0,
0x000002b6b233fd30, 0x000002b6b2340790, 0x000002b6b23411f0, 0x000002b6b2341c50,
0x000002b6b2336e50, 0x000002b6b23480f0, 0x000002b6b2618910, 0x000002b6b8a50cc0,
0x000002b6b7dc60f0, 0x000002b6b79fed00, 0x000002b6b7fbf060, 0x000002b6b7f90520,
0x000002b6b7fa3a00, 0x000002b6b7fc55c0, 0x000002b6b8238810, 0x000002b6b8238ea0,
0x000002b6b8239bc0, 0x000002b6b8238180, 0x000002b6b8239530, 0x000002b6b823a250
}

Java Threads: ( => current thread )
  0x000002b69aaad290 JavaThread "main"                              [_thread_blocked, id=18132, stack(0x000000bab7300000,0x000000bab7400000) (1024K)]
  0x000002b6b2306300 JavaThread "Common-Cleaner"             daemon [_thread_blocked, id=3744, stack(0x000000bab7b00000,0x000000bab7c00000) (1024K)]
  0x000002b6b2308980 JavaThread "Reference Handler"          daemon [_thread_blocked, id=16288, stack(0x000000bab7c00000,0x000000bab7d00000) (1024K)]
  0x000002b6b23097e0 JavaThread "Finalizer"                  daemon [_thread_blocked, id=19504, stack(0x000000bab7d00000,0x000000bab7e00000) (1024K)]
  0x000002b6b233fd30 JavaThread "Signal Dispatcher"          daemon [_thread_blocked, id=19500, stack(0x000000bab7e00000,0x000000bab7f00000) (1024K)]
  0x000002b6b2340790 JavaThread "Attach Listener"            daemon [_thread_blocked, id=2820, stack(0x000000bab7f00000,0x000000bab8000000) (1024K)]
  0x000002b6b23411f0 JavaThread "Service Thread"             daemon [_thread_blocked, id=12848, stack(0x000000bab8000000,0x000000bab8100000) (1024K)]
  0x000002b6b2341c50 JavaThread "Monitor Deflation Thread"   daemon [_thread_blocked, id=17328, stack(0x000000bab8100000,0x000000bab8200000) (1024K)]
=>0x000002b6b2336e50 JavaThread "C2 CompilerThread0"         daemon [_thread_in_native, id=14156, stack(0x000000bab8200000,0x000000bab8300000) (1024K)]
  0x000002b6b23480f0 JavaThread "C1 CompilerThread0"         daemon [_thread_blocked, id=15604, stack(0x000000bab8300000,0x000000bab8400000) (1024K)]
  0x000002b6b2618910 JavaThread "Notification Thread"        daemon [_thread_blocked, id=12908, stack(0x000000bab8400000,0x000000bab8500000) (1024K)]
  0x000002b6b8a50cc0 JavaThread "Daemon health stats"               [_thread_blocked, id=11436, stack(0x000000bab8a00000,0x000000bab8b00000) (1024K)]
  0x000002b6b7dc60f0 JavaThread "Incoming local TCP Connector on port 63014"        [_thread_in_native, id=14668, stack(0x000000bab8b00000,0x000000bab8c00000) (1024K)]
  0x000002b6b79fed00 JavaThread "Daemon periodic checks"            [_thread_blocked, id=17032, stack(0x000000bab8c00000,0x000000bab8d00000) (1024K)]
  0x000002b6b7fbf060 JavaThread "Daemon"                            [_thread_blocked, id=14012, stack(0x000000bab8d00000,0x000000bab8e00000) (1024K)]
  0x000002b6b7f90520 JavaThread "Handler for socket connection from /127.0.0.1:63014 to /127.0.0.1:63016"        [_thread_in_native, id=12140, stack(0x000000bab8e00000,0x000000bab8f00000) (1024K)]
  0x000002b6b7fa3a00 JavaThread "Cancel handler"                    [_thread_blocked, id=18032, stack(0x000000bab9200000,0x000000bab9300000) (1024K)]
  0x000002b6b7fc55c0 JavaThread "Daemon worker"                     [_thread_in_Java, id=17944, stack(0x000000bab9300000,0x000000bab9400000) (1024K)]
  0x000002b6b8238810 JavaThread "Asynchronous log dispatcher for DefaultDaemonConnection: socket connection from /127.0.0.1:63014 to /127.0.0.1:63016"        [_thread_blocked, id=2812, stack(0x000000bab9400000,0x000000bab9500000) (1024K)]
  0x000002b6b8238ea0 JavaThread "Stdin handler"                     [_thread_blocked, id=8020, stack(0x000000bab9500000,0x000000bab9600000) (1024K)]
  0x000002b6b8239bc0 JavaThread "Daemon client event forwarder"        [_thread_blocked, id=7540, stack(0x000000bab9600000,0x000000bab9700000) (1024K)]
  0x000002b6b8238180 JavaThread "Cache worker for journal cache (C:\TAREAS-APLICACIONES\caches\journal-1)"        [_thread_blocked, id=7688, stack(0x000000bab9700000,0x000000bab9800000) (1024K)]
  0x000002b6b8239530 JavaThread "File lock request listener"        [_thread_in_native, id=6032, stack(0x000000bab9800000,0x000000bab9900000) (1024K)]
  0x000002b6b823a250 JavaThread "Cache worker for file hash cache (C:\TAREAS-APLICACIONES\caches\9.4.1\fileHashes)"        [_thread_blocked, id=17520, stack(0x000000bab9900000,0x000000bab9a00000) (1024K)]
Total: 24

Other Threads:
  0x000002b6b2146d90 VMThread "VM Thread"                           [id=3864, stack(0x000000bab7a00000,0x000000bab7b00000) (1024K)]
  0x000002b6b2103770 WatcherThread "VM Periodic Task Thread"        [id=18904, stack(0x000000bab7900000,0x000000bab7a00000) (1024K)]
  0x000002b69ab055d0 WorkerThread "GC Thread#0"                     [id=15112, stack(0x000000bab7400000,0x000000bab7500000) (1024K)]
  0x000002b6b73b8c80 WorkerThread "GC Thread#1"                     [id=17676, stack(0x000000bab8500000,0x000000bab8600000) (1024K)]
  0x000002b6b73dc870 WorkerThread "GC Thread#2"                     [id=12932, stack(0x000000bab8600000,0x000000bab8700000) (1024K)]
  0x000002b6b7195920 WorkerThread "GC Thread#3"                     [id=14068, stack(0x000000bab8700000,0x000000bab8800000) (1024K)]
  0x000002b6b75121d0 WorkerThread "GC Thread#4"                     [id=17184, stack(0x000000bab8800000,0x000000bab8900000) (1024K)]
  0x000002b6b794e090 WorkerThread "GC Thread#5"                     [id=2512, stack(0x000000bab8900000,0x000000bab8a00000) (1024K)]
  0x000002b6b75614b0 WorkerThread "GC Thread#6"                     [id=8572, stack(0x000000bab8f00000,0x000000bab9000000) (1024K)]
  0x000002b6b75609a0 WorkerThread "GC Thread#7"                     [id=7804, stack(0x000000bab9000000,0x000000bab9100000) (1024K)]
  0x000002b6987ecb50 ConcurrentGCThread "G1 Main Marker"            [id=2424, stack(0x000000bab7500000,0x000000bab7600000) (1024K)]
  0x000002b6987ed570 WorkerThread "G1 Conc#0"                       [id=10872, stack(0x000000bab7600000,0x000000bab7700000) (1024K)]
  0x000002b6b7560d50 WorkerThread "G1 Conc#1"                       [id=2952, stack(0x000000bab9100000,0x000000bab9200000) (1024K)]
  0x000002b69ab6e870 ConcurrentGCThread "G1 Refine#0"               [id=9816, stack(0x000000bab7700000,0x000000bab7800000) (1024K)]
  0x000002b6b1fd24a0 ConcurrentGCThread "G1 Service"                [id=13776, stack(0x000000bab7800000,0x000000bab7900000) (1024K)]
Total: 15

Threads with active compile tasks:
C2 CompilerThread0  10686 2732   !   4       java.util.zip.InflaterInputStream::read (129 bytes)
Total: 1

VM state: not at safepoint (normal execution)

VM Mutex/Monitor currently owned by a thread: None

Heap address: 0x0000000080000000, size: 2048 MB, Compressed Oops mode: 32-bit

CDS archive(s) not mapped
Compressed class space mapped at: 0x0000000100000000-0x0000000140000000, reserved size: 1073741824
Narrow klass base: 0x0000000000000000, Narrow klass shift: 3, Narrow klass range: 0x140000000

GC Precious Log:
 CardTable entry size: 512
 Card Set container configuration: InlinePtr #cards 5 size 8 Array Of Cards #cards 12 size 40 Howl #buckets 4 coarsen threshold 1843 Howl Bitmap #cards 512 size 80 coarsen threshold 460 Card regions per heap region 1 cards per card region 2048
 CPUs: 8 total, 8 available
 Memory: 3856M
 Large Page Support: Disabled
 NUMA Support: Disabled
 Compressed Oops: Enabled (32-bit)
 Heap Region Size: 1M
 Heap Min Capacity: 8M
 Heap Initial Capacity: 62M
 Heap Max Capacity: 2G
 Pre-touch: Disabled
 Parallel Workers: 8
 Concurrent Workers: 2
 Concurrent Refinement Workers: 8
 Periodic GC: Disabled

Heap:
 garbage-first heap   total 63488K, used 25572K [0x0000000080000000, 0x0000000100000000)
  region size 1024K, 6 young (6144K), 2 survivors (2048K)
 Metaspace       used 26940K, committed 27328K, reserved 1114112K
  class space    used 3361K, committed 3520K, reserved 1048576K

Heap Regions: E=young(eden), S=young(survivor), O=old, HS=humongous(starts), HC=humongous(continues), CS=collection set, F=free, TAMS=top-at-mark-start, PB=parsable bottom
|   0|0x0000000080000000, 0x0000000080100000, 0x0000000080100000|100%|HS|  |TAMS 0x0000000080000000| PB 0x0000000080000000| Complete 
|   1|0x0000000080100000, 0x0000000080200000, 0x0000000080200000|100%|HC|  |TAMS 0x0000000080100000| PB 0x0000000080100000| Complete 
|   2|0x0000000080200000, 0x0000000080300000, 0x0000000080300000|100%|HC|  |TAMS 0x0000000080200000| PB 0x0000000080200000| Complete 
|   3|0x0000000080300000, 0x0000000080400000, 0x0000000080400000|100%|HC|  |TAMS 0x0000000080300000| PB 0x0000000080300000| Complete 
|   4|0x0000000080400000, 0x0000000080500000, 0x0000000080500000|100%| O|  |TAMS 0x0000000080400000| PB 0x0000000080400000| Untracked 
|   5|0x0000000080500000, 0x0000000080600000, 0x0000000080600000|100%| O|Cm|TAMS 0x0000000080500000| PB 0x0000000080500000| Complete 
|   6|0x0000000080600000, 0x0000000080700000, 0x0000000080700000|100%| O|  |TAMS 0x0000000080600000| PB 0x0000000080600000| Untracked 
|   7|0x0000000080700000, 0x0000000080800000, 0x0000000080800000|100%| O|  |TAMS 0x0000000080700000| PB 0x0000000080700000| Untracked 
|   8|0x0000000080800000, 0x0000000080900000, 0x0000000080900000|100%| O|  |TAMS 0x0000000080800000| PB 0x0000000080800000| Untracked 
|   9|0x0000000080900000, 0x0000000080a00000, 0x0000000080a00000|100%| O|  |TAMS 0x0000000080900000| PB 0x0000000080900000| Untracked 
|  10|0x0000000080a00000, 0x0000000080b00000, 0x0000000080b00000|100%| O|  |TAMS 0x0000000080a00000| PB 0x0000000080a00000| Untracked 
|  11|0x0000000080b00000, 0x0000000080c00000, 0x0000000080c00000|100%|HS|  |TAMS 0x0000000080b00000| PB 0x0000000080b00000| Complete 
|  12|0x0000000080c00000, 0x0000000080d00000, 0x0000000080d00000|100%| O|  |TAMS 0x0000000080c00000| PB 0x0000000080c00000| Untracked 
|  13|0x0000000080d00000, 0x0000000080e00000, 0x0000000080e00000|100%| O|  |TAMS 0x0000000080d00000| PB 0x0000000080d00000| Untracked 
|  14|0x0000000080e00000, 0x0000000080f00000, 0x0000000080f00000|100%| O|  |TAMS 0x0000000080e00000| PB 0x0000000080e00000| Untracked 
|  15|0x0000000080f00000, 0x0000000081000000, 0x0000000081000000|100%| O|  |TAMS 0x0000000080f00000| PB 0x0000000080f00000| Untracked 
|  16|0x0000000081000000, 0x0000000081100000, 0x0000000081100000|100%| O|  |TAMS 0x0000000081000000| PB 0x0000000081000000| Untracked 
|  17|0x0000000081100000, 0x0000000081200000, 0x0000000081200000|100%| O|  |TAMS 0x0000000081100000| PB 0x0000000081100000| Untracked 
|  18|0x0000000081200000, 0x0000000081300000, 0x0000000081300000|100%| O|  |TAMS 0x0000000081200000| PB 0x0000000081200000| Untracked 
|  19|0x0000000081300000, 0x0000000081400000, 0x0000000081400000|100%| O|  |TAMS 0x0000000081300000| PB 0x0000000081300000| Untracked 
|  20|0x0000000081400000, 0x000000008140a590, 0x0000000081500000|  4%| O|  |TAMS 0x0000000081400000| PB 0x0000000081400000| Untracked 
|  21|0x0000000081500000, 0x0000000081500000, 0x0000000081600000|  0%| F|  |TAMS 0x0000000081500000| PB 0x0000000081500000| Untracked 
|  22|0x0000000081600000, 0x0000000081600000, 0x0000000081700000|  0%| F|  |TAMS 0x0000000081600000| PB 0x0000000081600000| Untracked 
|  23|0x0000000081700000, 0x0000000081700000, 0x0000000081800000|  0%| F|  |TAMS 0x0000000081700000| PB 0x0000000081700000| Untracked 
|  24|0x0000000081800000, 0x0000000081800000, 0x0000000081900000|  0%| F|  |TAMS 0x0000000081800000| PB 0x0000000081800000| Untracked 
|  25|0x0000000081900000, 0x0000000081900000, 0x0000000081a00000|  0%| F|  |TAMS 0x0000000081900000| PB 0x0000000081900000| Untracked 
|  26|0x0000000081a00000, 0x0000000081a00000, 0x0000000081b00000|  0%| F|  |TAMS 0x0000000081a00000| PB 0x0000000081a00000| Untracked 
|  27|0x0000000081b00000, 0x0000000081b00000, 0x0000000081c00000|  0%| F|  |TAMS 0x0000000081b00000| PB 0x0000000081b00000| Untracked 
|  28|0x0000000081c00000, 0x0000000081c00000, 0x0000000081d00000|  0%| F|  |TAMS 0x0000000081c00000| PB 0x0000000081c00000| Untracked 
|  29|0x0000000081d00000, 0x0000000081deec70, 0x0000000081e00000| 93%| S|CS|TAMS 0x0000000081d00000| PB 0x0000000081d00000| Complete 
|  30|0x0000000081e00000, 0x0000000081f00000, 0x0000000081f00000|100%| S|CS|TAMS 0x0000000081e00000| PB 0x0000000081e00000| Complete 
|  31|0x0000000081f00000, 0x0000000081f00000, 0x0000000082000000|  0%| F|  |TAMS 0x0000000081f00000| PB 0x0000000081f00000| Untracked 
|  32|0x0000000082000000, 0x0000000082000000, 0x0000000082100000|  0%| F|  |TAMS 0x0000000082000000| PB 0x0000000082000000| Untracked 
|  33|0x0000000082100000, 0x0000000082100000, 0x0000000082200000|  0%| F|  |TAMS 0x0000000082100000| PB 0x0000000082100000| Untracked 
|  34|0x0000000082200000, 0x0000000082200000, 0x0000000082300000|  0%| F|  |TAMS 0x0000000082200000| PB 0x0000000082200000| Untracked 
|  35|0x0000000082300000, 0x0000000082300000, 0x0000000082400000|  0%| F|  |TAMS 0x0000000082300000| PB 0x0000000082300000| Untracked 
|  36|0x0000000082400000, 0x0000000082400000, 0x0000000082500000|  0%| F|  |TAMS 0x0000000082400000| PB 0x0000000082400000| Untracked 
|  37|0x0000000082500000, 0x0000000082500000, 0x0000000082600000|  0%| F|  |TAMS 0x0000000082500000| PB 0x0000000082500000| Untracked 
|  38|0x0000000082600000, 0x0000000082600000, 0x0000000082700000|  0%| F|  |TAMS 0x0000000082600000| PB 0x0000000082600000| Untracked 
|  39|0x0000000082700000, 0x0000000082700000, 0x0000000082800000|  0%| F|  |TAMS 0x0000000082700000| PB 0x0000000082700000| Untracked 
|  40|0x0000000082800000, 0x0000000082800000, 0x0000000082900000|  0%| F|  |TAMS 0x0000000082800000| PB 0x0000000082800000| Untracked 
|  41|0x0000000082900000, 0x0000000082900000, 0x0000000082a00000|  0%| F|  |TAMS 0x0000000082900000| PB 0x0000000082900000| Untracked 
|  42|0x0000000082a00000, 0x0000000082a00000, 0x0000000082b00000|  0%| F|  |TAMS 0x0000000082a00000| PB 0x0000000082a00000| Untracked 
|  43|0x0000000082b00000, 0x0000000082b00000, 0x0000000082c00000|  0%| F|  |TAMS 0x0000000082b00000| PB 0x0000000082b00000| Untracked 
|  44|0x0000000082c00000, 0x0000000082c00000, 0x0000000082d00000|  0%| F|  |TAMS 0x0000000082c00000| PB 0x0000000082c00000| Untracked 
|  45|0x0000000082d00000, 0x0000000082d00000, 0x0000000082e00000|  0%| F|  |TAMS 0x0000000082d00000| PB 0x0000000082d00000| Untracked 
|  46|0x0000000082e00000, 0x0000000082e00000, 0x0000000082f00000|  0%| F|  |TAMS 0x0000000082e00000| PB 0x0000000082e00000| Untracked 
|  47|0x0000000082f00000, 0x0000000082f00000, 0x0000000083000000|  0%| F|  |TAMS 0x0000000082f00000| PB 0x0000000082f00000| Untracked 
|  48|0x0000000083000000, 0x0000000083000000, 0x0000000083100000|  0%| F|  |TAMS 0x0000000083000000| PB 0x0000000083000000| Untracked 
|  49|0x0000000083100000, 0x0000000083100000, 0x0000000083200000|  0%| F|  |TAMS 0x0000000083100000| PB 0x0000000083100000| Untracked 
|  50|0x0000000083200000, 0x0000000083200000, 0x0000000083300000|  0%| F|  |TAMS 0x0000000083200000| PB 0x0000000083200000| Untracked 
|  51|0x0000000083300000, 0x0000000083300000, 0x0000000083400000|  0%| F|  |TAMS 0x0000000083300000| PB 0x0000000083300000| Untracked 
|  52|0x0000000083400000, 0x0000000083400000, 0x0000000083500000|  0%| F|  |TAMS 0x0000000083400000| PB 0x0000000083400000| Untracked 
|  53|0x0000000083500000, 0x0000000083500000, 0x0000000083600000|  0%| F|  |TAMS 0x0000000083500000| PB 0x0000000083500000| Untracked 
|  54|0x0000000083600000, 0x0000000083600000, 0x0000000083700000|  0%| F|  |TAMS 0x0000000083600000| PB 0x0000000083600000| Untracked 
|  55|0x0000000083700000, 0x0000000083700000, 0x0000000083800000|  0%| F|  |TAMS 0x0000000083700000| PB 0x0000000083700000| Untracked 
|  56|0x0000000083800000, 0x0000000083800000, 0x0000000083900000|  0%| F|  |TAMS 0x0000000083800000| PB 0x0000000083800000| Untracked 
|  57|0x0000000083900000, 0x0000000083900000, 0x0000000083a00000|  0%| F|  |TAMS 0x0000000083900000| PB 0x0000000083900000| Untracked 
|  58|0x0000000083a00000, 0x0000000083aaa900, 0x0000000083b00000| 66%| E|  |TAMS 0x0000000083a00000| PB 0x0000000083a00000| Complete 
|  59|0x0000000083b00000, 0x0000000083c00000, 0x0000000083c00000|100%| E|CS|TAMS 0x0000000083b00000| PB 0x0000000083b00000| Complete 
|  60|0x0000000083c00000, 0x0000000083d00000, 0x0000000083d00000|100%| E|CS|TAMS 0x0000000083c00000| PB 0x0000000083c00000| Complete 
|  61|0x0000000083d00000, 0x0000000083e00000, 0x0000000083e00000|100%| E|CS|TAMS 0x0000000083d00000| PB 0x0000000083d00000| Complete 

Card table byte_map: [0x000002b6ad340000,0x000002b6ad740000] _byte_map_base: 0x000002b6acf40000

Marking Bits: (CMBitMap*) 0x000002b69ab05bf0
 Bits: [0x000002b6ad740000, 0x000002b6af740000)

Polling page: 0x000002b6988b0000

Metaspace:

Usage:
  Non-class:     23.04 MB used.
      Class:      3.29 MB used.
       Both:     26.33 MB used.

Virtual space:
  Non-class space:       64.00 MB reserved,      23.25 MB ( 36%) committed,  1 nodes.
      Class space:        1.00 GB reserved,       3.50 MB ( <1%) committed,  1 nodes.
             Both:        1.06 GB reserved,      26.75 MB (  2%) committed. 

Chunk freelists:
   Non-Class:  8.40 MB
       Class:  12.56 MB
        Both:  20.97 MB

MaxMetaspaceSize: unlimited
CompressedClassSpaceSize: 1.00 GB
Initial GC threshold: 21.00 MB
Current GC threshold: 35.25 MB
CDS: off
 - commit_granule_bytes: 65536.
 - commit_granule_words: 8192.
 - virtual_space_node_default_size: 8388608.
 - enlarge_chunks_in_place: 1.
 - use_allocation_guard: 0.


Internal statistics:

num_allocs_failed_limit: 3.
num_arena_births: 518.
num_arena_deaths: 0.
num_vsnodes_births: 2.
num_vsnodes_deaths: 0.
num_space_committed: 428.
num_space_uncommitted: 0.
num_chunks_returned_to_freelist: 3.
num_chunks_taken_from_freelist: 1154.
num_chunk_merges: 3.
num_chunk_splits: 737.
num_chunks_enlarged: 507.
num_inconsistent_stats: 0.

CodeHeap 'non-profiled nmethods': size=120000Kb used=1311Kb max_used=1311Kb free=118688Kb
 bounds [0x000002b6a56e0000, 0x000002b6a5950000, 0x000002b6acc10000]
CodeHeap 'profiled nmethods': size=120000Kb used=5622Kb max_used=5622Kb free=114377Kb
 bounds [0x000002b69dc10000, 0x000002b69e190000, 0x000002b6a5140000]
CodeHeap 'non-nmethods': size=5760Kb used=1376Kb max_used=1387Kb free=4383Kb
 bounds [0x000002b6a5140000, 0x000002b6a53b0000, 0x000002b6a56e0000]
CodeCache: size=245760Kb, used=8309Kb, max_used=8320Kb, free=237448Kb
 total_blobs=3424, nmethods=2862, adapters=466, full_count=0
Compilation: enabled, stopped_count=0, restarted_count=0

Compilation events (20 events):
Event: 10.315 Thread 0x000002b6b23480f0 2838       3       java.lang.invoke.MethodType::genericMethodType (6 bytes)
Event: 10.316 Thread 0x000002b6b23480f0 nmethod 2838 0x000002b69e180e10 code [0x000002b69e180fc0, 0x000002b69e1810e0]
Event: 10.323 Thread 0x000002b6b23480f0 2841       3       java.lang.invoke.LambdaForm$Name::withConstraint (20 bytes)
Event: 10.323 Thread 0x000002b6b23480f0 nmethod 2841 0x000002b69e181190 code [0x000002b69e181340, 0x000002b69e181548]
Event: 10.323 Thread 0x000002b6b23480f0 2842       3       java.lang.invoke.LambdaFormBuffer::endEdit (313 bytes)
Event: 10.323 Thread 0x000002b6b23480f0 nmethod 2842 0x000002b69e181610 code [0x000002b69e181880, 0x000002b69e1825a0]
Event: 10.325 Thread 0x000002b6b23480f0 2843       1       java.util.concurrent.CopyOnWriteArrayList::setArray (6 bytes)
Event: 10.325 Thread 0x000002b6b23480f0 nmethod 2843 0x000002b6a5826b10 code [0x000002b6a5826ca0, 0x000002b6a5826db8]
Event: 10.325 Thread 0x000002b6b23480f0 2844       2       sun.nio.fs.NativeBuffers::getNativeBufferFromCache (51 bytes)
Event: 10.325 Thread 0x000002b6b23480f0 nmethod 2844 0x000002b69e182990 code [0x000002b69e182b60, 0x000002b69e182de0]
Event: 10.326 Thread 0x000002b6b23480f0 2845       2       sun.nio.fs.NativeBuffers::releaseNativeBuffer (97 bytes)
Event: 10.326 Thread 0x000002b6b23480f0 nmethod 2845 0x000002b69e182f90 code [0x000002b69e183220, 0x000002b69e183ac8]
Event: 10.340 Thread 0x000002b6b23480f0 2846 %     3       java.util.Arrays::fill @ 5 (21 bytes)
Event: 10.340 Thread 0x000002b6b23480f0 nmethod 2846% 0x000002b69e184010 code [0x000002b69e1841c0, 0x000002b69e184428]
Event: 10.396 Thread 0x000002b6b23480f0 2847       1       java.util.concurrent.atomic.AtomicInteger::get (5 bytes)
Event: 10.396 Thread 0x000002b6b23480f0 nmethod 2847 0x000002b6a5826e10 code [0x000002b6a5826fa0, 0x000002b6a5827068]
Event: 10.571 Thread 0x000002b6b23480f0 2849       2       java.util.concurrent.locks.ReentrantLock$Sync::tryRelease (51 bytes)
Event: 10.571 Thread 0x000002b6b23480f0 nmethod 2849 0x000002b69e184590 code [0x000002b69e184740, 0x000002b69e184958]
Event: 10.571 Thread 0x000002b6b23480f0 2848   !   3       java.util.concurrent.locks.AbstractQueuedSynchronizer::acquire (424 bytes)
Event: 10.577 Thread 0x000002b6b23480f0 nmethod 2848 0x000002b69e184a90 code [0x000002b69e184e40, 0x000002b69e186680]

GC Heap History (8 events):
Event: 3.783 GC heap before
{Heap before GC invocations=0 (full 0):
 garbage-first heap   total 63488K, used 26624K [0x0000000080000000, 0x0000000100000000)
  region size 1024K, 23 young (23552K), 0 survivors (0K)
 Metaspace       used 9928K, committed 10048K, reserved 1114112K
  class space    used 985K, committed 1024K, reserved 1048576K
}
Event: 3.790 GC heap after
{Heap after GC invocations=1 (full 0):
 garbage-first heap   total 63488K, used 10816K [0x0000000080000000, 0x0000000100000000)
  region size 1024K, 3 young (3072K), 3 survivors (3072K)
 Metaspace       used 9928K, committed 10048K, reserved 1114112K
  class space    used 985K, committed 1024K, reserved 1048576K
}
Event: 6.257 GC heap before
{Heap before GC invocations=1 (full 0):
 garbage-first heap   total 63488K, used 35392K [0x0000000080000000, 0x0000000100000000)
  region size 1024K, 27 young (27648K), 3 survivors (3072K)
 Metaspace       used 12833K, committed 12992K, reserved 1114112K
  class space    used 1412K, committed 1472K, reserved 1048576K
}
Event: 6.262 GC heap after
{Heap after GC invocations=2 (full 0):
 garbage-first heap   total 63488K, used 12234K [0x0000000080000000, 0x0000000100000000)
  region size 1024K, 2 young (2048K), 2 survivors (2048K)
 Metaspace       used 12833K, committed 12992K, reserved 1114112K
  class space    used 1412K, committed 1472K, reserved 1048576K
}
Event: 7.045 GC heap before
{Heap before GC invocations=2 (full 0):
 garbage-first heap   total 63488K, used 42954K [0x0000000080000000, 0x0000000100000000)
  region size 1024K, 31 young (31744K), 2 survivors (2048K)
 Metaspace       used 13215K, committed 13376K, reserved 1114112K
  class space    used 1467K, committed 1536K, reserved 1048576K
}
Event: 7.050 GC heap after
{Heap after GC invocations=3 (full 0):
 garbage-first heap   total 63488K, used 16814K [0x0000000080000000, 0x0000000100000000)
  region size 1024K, 4 young (4096K), 4 survivors (4096K)
 Metaspace       used 13215K, committed 13376K, reserved 1114112K
  class space    used 1467K, committed 1536K, reserved 1048576K
}
Event: 9.858 GC heap before
{Heap before GC invocations=3 (full 0):
 garbage-first heap   total 63488K, used 40366K [0x0000000080000000, 0x0000000100000000)
  region size 1024K, 28 young (28672K), 4 survivors (4096K)
 Metaspace       used 21183K, committed 21504K, reserved 1114112K
  class space    used 2488K, committed 2688K, reserved 1048576K
}
Event: 9.864 GC heap after
{Heap after GC invocations=4 (full 0):
 garbage-first heap   total 63488K, used 20885K [0x0000000080000000, 0x0000000100000000)
  region size 1024K, 4 young (4096K), 4 survivors (4096K)
 Metaspace       used 21183K, committed 21504K, reserved 1114112K
  class space    used 2488K, committed 2688K, reserved 1048576K
}

Dll operation events (3 events):
Event: 0.221 Loaded shared library D:\app-Android-Studio\jbr\bin\java.dll
Event: 0.289 Loaded shared library D:\app-Android-Studio\jbr\bin\zip.dll
Event: 3.507 Loaded shared library D:\app-Android-Studio\jbr\bin\verify.dll

Deoptimization events (20 events):
Event: 10.235 Thread 0x000002b6b7fc55c0 Uncommon trap: trap_request=0xffffffde fr.pc=0x000002b6a57b0d14 relative=0x0000000000000334
Event: 10.235 Thread 0x000002b6b7fc55c0 Uncommon trap: reason=class_check action=maybe_recompile pc=0x000002b6a57b0d14 method=java.util.regex.Pattern$BmpCharPropertyGreedy.match(Ljava/util/regex/Matcher;ILjava/lang/CharSequence;)Z @ 26 c2
Event: 10.235 Thread 0x000002b6b7fc55c0 DEOPT PACKING pc=0x000002b6a57b0d14 sp=0x000000bab93fbe90
Event: 10.235 Thread 0x000002b6b7fc55c0 DEOPT UNPACKING pc=0x000002b6a51943a2 sp=0x000000bab93fbe48 mode 2
Event: 10.235 Thread 0x000002b6b7fc55c0 Uncommon trap: trap_request=0xffffffde fr.pc=0x000002b6a57b0d14 relative=0x0000000000000334
Event: 10.235 Thread 0x000002b6b7fc55c0 Uncommon trap: reason=class_check action=maybe_recompile pc=0x000002b6a57b0d14 method=java.util.regex.Pattern$BmpCharPropertyGreedy.match(Ljava/util/regex/Matcher;ILjava/lang/CharSequence;)Z @ 26 c2
Event: 10.235 Thread 0x000002b6b7fc55c0 DEOPT PACKING pc=0x000002b6a57b0d14 sp=0x000000bab93fbe00
Event: 10.235 Thread 0x000002b6b7fc55c0 DEOPT UNPACKING pc=0x000002b6a51943a2 sp=0x000000bab93fbdb8 mode 2
Event: 10.242 Thread 0x000002b6b7fc55c0 Uncommon trap: trap_request=0xffffff45 fr.pc=0x000002b6a5733cf0 relative=0x0000000000000130
Event: 10.242 Thread 0x000002b6b7fc55c0 Uncommon trap: reason=unstable_if action=reinterpret pc=0x000002b6a5733cf0 method=java.lang.ThreadLocal$ThreadLocalMap.getEntry(Ljava/lang/ThreadLocal;)Ljava/lang/ThreadLocal$ThreadLocalMap$Entry; @ 29 c2
Event: 10.242 Thread 0x000002b6b7fc55c0 DEOPT PACKING pc=0x000002b6a5733cf0 sp=0x000000bab93fbaf0
Event: 10.242 Thread 0x000002b6b7fc55c0 DEOPT UNPACKING pc=0x000002b6a51943a2 sp=0x000000bab93fb9b8 mode 2
Event: 10.245 Thread 0x000002b6b7fc55c0 Uncommon trap: trap_request=0xffffffde fr.pc=0x000002b6a57b0d14 relative=0x0000000000000334
Event: 10.245 Thread 0x000002b6b7fc55c0 Uncommon trap: reason=class_check action=maybe_recompile pc=0x000002b6a57b0d14 method=java.util.regex.Pattern$BmpCharPropertyGreedy.match(Ljava/util/regex/Matcher;ILjava/lang/CharSequence;)Z @ 26 c2
Event: 10.245 Thread 0x000002b6b7fc55c0 DEOPT PACKING pc=0x000002b6a57b0d14 sp=0x000000bab93fba20
Event: 10.245 Thread 0x000002b6b7fc55c0 DEOPT UNPACKING pc=0x000002b6a51943a2 sp=0x000000bab93fb9d8 mode 2
Event: 10.245 Thread 0x000002b6b7fc55c0 Uncommon trap: trap_request=0xffffffde fr.pc=0x000002b6a57b0d14 relative=0x0000000000000334
Event: 10.245 Thread 0x000002b6b7fc55c0 Uncommon trap: reason=class_check action=maybe_recompile pc=0x000002b6a57b0d14 method=java.util.regex.Pattern$BmpCharPropertyGreedy.match(Ljava/util/regex/Matcher;ILjava/lang/CharSequence;)Z @ 26 c2
Event: 10.245 Thread 0x000002b6b7fc55c0 DEOPT PACKING pc=0x000002b6a57b0d14 sp=0x000000bab93fb990
Event: 10.245 Thread 0x000002b6b7fc55c0 DEOPT UNPACKING pc=0x000002b6a51943a2 sp=0x000000bab93fb948 mode 2

Classes loaded (20 events):
Event: 10.248 Loading class java/util/concurrent/locks/ReentrantLock$FairSync
Event: 10.248 Loading class java/util/concurrent/locks/ReentrantLock$FairSync done
Event: 10.265 Loading class java/net/DatagramPacket
Event: 10.265 Loading class java/net/DatagramPacket done
Event: 10.266 Loading class sun/nio/ch/DatagramChannelImpl$DatagramPackets
Event: 10.266 Loading class sun/nio/ch/DatagramChannelImpl$DatagramPackets done
Event: 10.301 Loading class java/lang/Character$UnicodeBlock
Event: 10.303 Loading class java/lang/Character$Subset
Event: 10.303 Loading class java/lang/Character$Subset done
Event: 10.304 Loading class java/lang/Character$UnicodeBlock done
Event: 10.307 Loading class java/util/regex/Pattern$StartS
Event: 10.307 Loading class java/util/regex/Pattern$StartS done
Event: 10.313 Loading class sun/security/provider/MD5
Event: 10.313 Loading class sun/security/provider/MD5 done
Event: 10.313 Loading class sun/security/provider/SHA5$SHA512
Event: 10.315 Loading class sun/security/provider/SHA5
Event: 10.315 Loading class sun/security/provider/SHA5 done
Event: 10.315 Loading class sun/security/provider/SHA5$SHA512 done
Event: 10.316 Loading class sun/security/provider/ByteArrayAccess$LE
Event: 10.316 Loading class sun/security/provider/ByteArrayAccess$LE done

Classes unloaded (0 events):
No events

Classes redefined (0 events):
No events

Internal exceptions (20 events):
Event: 9.871 Thread 0x000002b6b7fbf060 Exception <a 'sun/nio/fs/WindowsException'{0x0000000083d75b60}> (0x0000000083d75b60) 
thrown [s\src\hotspot\share\prims\jni.cpp, line 537]
Event: 9.906 Thread 0x000002b6b7fc55c0 Exception <a 'sun/nio/fs/WindowsException'{0x0000000083b1aa28}> (0x0000000083b1aa28) 
thrown [s\src\hotspot\share\prims\jni.cpp, line 537]
Event: 9.907 Thread 0x000002b6b7fc55c0 Exception <a 'sun/nio/fs/WindowsException'{0x0000000083b1bd70}> (0x0000000083b1bd70) 
thrown [s\src\hotspot\share\prims\jni.cpp, line 537]
Event: 9.919 Thread 0x000002b6b7fc55c0 Exception <a 'sun/nio/fs/WindowsException'{0x0000000083bede10}> (0x0000000083bede10) 
thrown [s\src\hotspot\share\prims\jni.cpp, line 537]
Event: 9.921 Thread 0x000002b6b7fc55c0 Exception <a 'sun/nio/fs/WindowsException'{0x0000000083bf00f0}> (0x0000000083bf00f0) 
thrown [s\src\hotspot\share\prims\jni.cpp, line 537]
Event: 9.936 Thread 0x000002b6b7fc55c0 Exception <a 'java/lang/NoSuchMethodError'{0x0000000083afcd28}: 'java.lang.Object java.lang.invoke.DirectMethodHandle$Holder.invokeVirtual(java.lang.Object, java.lang.Object, java.lang.Object, java.lang.Object, java.lang.Object, java.lang.Object, java.lang.Object)'> (0x0000000083afcd28) 
thrown [s\src\hotspot\share\interpreter\linkResolver.cpp, line 784]
Event: 9.946 Thread 0x000002b6b7fc55c0 Exception <a 'java/lang/NoSuchMethodError'{0x0000000083996a30}: 'long java.lang.invoke.DirectMethodHandle$Holder.invokeInterface(java.lang.Object, java.lang.Object)'> (0x0000000083996a30) 
thrown [s\src\hotspot\share\interpreter\linkResolver.cpp, line 784]
Event: 10.006 Thread 0x000002b6b7fc55c0 Exception <a 'java/lang/NoSuchMethodError'{0x00000000835a7150}: 'java.lang.Object java.lang.invoke.DirectMethodHandle$Holder.invokeVirtual(java.lang.Object, java.lang.Object, java.lang.Object, java.lang.Object, java.lang.Object, java.lang.Object, java.lang.Object, java.lang.Object, java.lang.Object, java.lang.Object, java.lang.Object, java.lang.Object)'> (0x00000000835a7150) 
thrown [s\src\hotspot\share\interpreter\linkResolver.cpp, line 784]
Event: 10.006 Thread 0x000002b6b7fc55c0 Exception <a 'java/lang/NoSuchMethodError'{0x00000000835ac518}: 'java.lang.Object java.lang.invoke.DirectMethodHandle$Holder.invokeSpecial(java.lang.Object, java.lang.Object, java.lang.Object, java.lang.Object, java.lang.Object, java.lang.Object, java.lang.Object, java.lang.Object, java.lang.Object, java.lang.Object, java.lang.Object, java.lang.Object, java.lang.Object)'> (0x00000000835ac518) 
thrown [s\src\hotspot\share\interpreter\linkResolver.cpp, line 784]
Event: 10.022 Thread 0x000002b6b7fc55c0 Exception <a 'java/lang/NoSuchMethodError'{0x00000000834ee7e0}: 'void java.lang.invoke.DirectMethodHandle$Holder.invokeStatic(java.lang.Object, java.lang.Object, java.lang.Object, java.lang.Object)'> (0x00000000834ee7e0) 
thrown [s\src\hotspot\share\interpreter\linkResolver.cpp, line 784]
Event: 10.074 Thread 0x000002b6b7fc55c0 Exception <a 'java/lang/NoSuchMethodError'{0x0000000083023de0}: 'java.lang.Object java.lang.invoke.DirectMethodHandle$Holder.newInvokeSpecial(java.lang.Object, java.lang.Object, java.lang.Object, java.lang.Object, java.lang.Object, java.lang.Object)'> (0x0000000083023de0) 
thrown [s\src\hotspot\share\interpreter\linkResolver.cpp, line 784]
Event: 10.120 Thread 0x000002b6b7fc55c0 Exception <a 'java/lang/NoSuchMethodError'{0x0000000082e995d8}: 'void java.lang.invoke.DelegatingMethodHandle$Holder.reinvoke_L(java.lang.Object, java.lang.Object, java.lang.Object, java.lang.Object, java.lang.Object, java.lang.Object, java.lang.Object, java.lang.Object, java.lang.Object, java.lang.Object)'> (0x0000000082e995d8) 
thrown [s\src\hotspot\share\interpreter\linkResolver.cpp, line 784]
Event: 10.120 Thread 0x000002b6b7fc55c0 Exception <a 'java/lang/NoSuchMethodError'{0x0000000082ea10b8}: 'java.lang.Object java.lang.invoke.Invokers$Holder.invoker(java.lang.Object, java.lang.Object, java.lang.Object, java.lang.Object, java.lang.Object, java.lang.Object, java.lang.Object, java.lang.Object, java.lang.Object, java.lang.Object)'> (0x0000000082ea10b8) 
thrown [s\src\hotspot\share\interpreter\linkResolver.cpp, line 784]
Event: 10.233 Thread 0x000002b6b7fc55c0 Exception <a 'java/lang/NoSuchMethodError'{0x00000000828ea178}: 'void java.lang.invoke.DirectMethodHandle$Holder.invokeInterface(java.lang.Object, java.lang.Object)'> (0x00000000828ea178) 
thrown [s\src\hotspot\share\interpreter\linkResolver.cpp, line 784]
Event: 10.233 Thread 0x000002b6b7fc55c0 Exception <a 'java/lang/IncompatibleClassChangeError'{0x00000000828ed8f8}: Found class java.lang.Object, but interface was expected> (0x00000000828ed8f8) 
thrown [s\src\hotspot\share\interpreter\linkResolver.cpp, line 851]
Event: 10.236 Thread 0x000002b6b7fc55c0 Exception <a 'java/lang/NoSuchMethodError'{0x0000000082713738}: 'java.lang.Object java.lang.invoke.DirectMethodHandle$Holder.newInvokeSpecial(java.lang.Object, java.lang.Object, java.lang.Object, java.lang.Object, java.lang.Object, java.lang.Object, java.lang.Object, java.lang.Object)'> (0x0000000082713738) 
thrown [s\src\hotspot\share\interpreter\linkResolver.cpp, line 784]
Event: 10.249 Thread 0x000002b6b7fc55c0 Exception <a 'java/lang/NoSuchMethodError'{0x0000000082642790}: 'java.lang.Object java.lang.invoke.DirectMethodHandle$Holder.newInvokeSpecial(java.lang.Object, java.lang.Object, int)'> (0x0000000082642790) 
thrown [s\src\hotspot\share\interpreter\linkResolver.cpp, line 784]
Event: 10.253 Thread 0x000002b6b7fc55c0 Exception <a 'sun/nio/fs/WindowsException'{0x00000000826732a0}> (0x00000000826732a0) 
thrown [s\src\hotspot\share\prims\jni.cpp, line 537]
Event: 10.322 Thread 0x000002b6b7fc55c0 Exception <a 'java/lang/NoSuchMethodError'{0x0000000081f605a0}: 'java.lang.Object java.lang.invoke.DirectMethodHandle$Holder.invokeVirtual(java.lang.Object, java.lang.Object, java.lang.Object, java.lang.Object, java.lang.Object, java.lang.Object, java.lang.Object, java.lang.Object)'> (0x0000000081f605a0) 
thrown [s\src\hotspot\share\interpreter\linkResolver.cpp, line 784]
Event: 10.327 Thread 0x000002b6b7fc55c0 Exception <a 'sun/nio/fs/WindowsException'{0x0000000081fa8398}> (0x0000000081fa8398) 
thrown [s\src\hotspot\share\prims\jni.cpp, line 537]

ZGC Phase Switch (0 events):
No events

VM Operations (20 events):
Event: 7.672 Executing non-safepoint VM operation: HandshakeAllThreads (Deoptimize)
Event: 7.672 Executing non-safepoint VM operation: HandshakeAllThreads (Deoptimize) done
Event: 7.754 Executing non-safepoint VM operation: HandshakeAllThreads (Deoptimize)
Event: 7.754 Executing non-safepoint VM operation: HandshakeAllThreads (Deoptimize) done
Event: 8.122 Executing non-safepoint VM operation: HandshakeAllThreads (Deoptimize)
Event: 8.122 Executing non-safepoint VM operation: HandshakeAllThreads (Deoptimize) done
Event: 8.123 Executing safepoint VM operation: Cleanup
Event: 8.123 Executing safepoint VM operation: Cleanup done
Event: 9.751 Executing non-safepoint VM operation: HandshakeAllThreads (Deoptimize)
Event: 9.751 Executing non-safepoint VM operation: HandshakeAllThreads (Deoptimize) done
Event: 9.751 Executing safepoint VM operation: Cleanup
Event: 9.751 Executing safepoint VM operation: Cleanup done
Event: 9.857 Executing safepoint VM operation: CollectForMetadataAllocation (Metadata GC Threshold)
Event: 9.864 Executing safepoint VM operation: CollectForMetadataAllocation (Metadata GC Threshold) done
Event: 9.872 Executing safepoint VM operation: G1PauseRemark
Event: 9.874 Executing safepoint VM operation: G1PauseRemark done
Event: 9.876 Executing safepoint VM operation: G1PauseCleanup
Event: 9.876 Executing safepoint VM operation: G1PauseCleanup done
Event: 10.248 Executing non-safepoint VM operation: HandshakeAllThreads (Deoptimize)
Event: 10.248 Executing non-safepoint VM operation: HandshakeAllThreads (Deoptimize) done

Memory protections (0 events):
No events

Nmethod flushes (0 events):
No events

Events (20 events):
Event: 0.763 Thread 0x000002b69aaad290 Thread added: 0x000002b6b2618910
Event: 2.786 Loaded shared library D:\app-Android-Studio\jbr\bin\jimage.dll
Event: 3.541 Loaded shared library C:\TAREAS-APLICACIONES\native\660c5614fbf4a5f2a75b1949f50a0caf5cd603558e7d8a26e50b933a0cfb79d1\windows-amd64\native-platform.dll
Event: 3.781 Loaded shared library C:\TAREAS-APLICACIONES\native\0.2.8\x86_64-windows-gnu\gradle-fileevents.dll
Event: 7.494 Loaded shared library D:\app-Android-Studio\jbr\bin\management.dll
Event: 7.512 Loaded shared library D:\app-Android-Studio\jbr\bin\management_ext.dll
Event: 7.568 Thread 0x000002b69aaad290 Thread added: 0x000002b6b8a50cc0
Event: 7.682 Loaded shared library D:\app-Android-Studio\jbr\bin\extnet.dll
Event: 9.539 Thread 0x000002b69aaad290 Thread added: 0x000002b6b7dc60f0
Event: 9.615 Thread 0x000002b69aaad290 Thread added: 0x000002b6b79fed00
Event: 9.830 Thread 0x000002b6b7dc60f0 Thread added: 0x000002b6b7fbf060
Event: 9.832 Thread 0x000002b6b7fbf060 Thread added: 0x000002b6b7f90520
Event: 9.866 Thread 0x000002b6b7fbf060 Thread added: 0x000002b6b7fa3a00
Event: 9.879 Thread 0x000002b6b7fbf060 Thread added: 0x000002b6b7fc55c0
Event: 9.890 Thread 0x000002b6b7fc55c0 Thread added: 0x000002b6b8238810
Event: 9.895 Thread 0x000002b6b7fc55c0 Thread added: 0x000002b6b8238ea0
Event: 9.899 Thread 0x000002b6b7fc55c0 Thread added: 0x000002b6b8239bc0
Event: 10.248 Thread 0x000002b6b7fc55c0 Thread added: 0x000002b6b8238180
Event: 10.265 Thread 0x000002b6b7fc55c0 Thread added: 0x000002b6b8239530
Event: 10.325 Thread 0x000002b6b7fc55c0 Thread added: 0x000002b6b823a250


Dynamic libraries:
0x00007ff6542e0000 - 0x00007ff6542ea000 	D:\app-Android-Studio\jbr\bin\java.exe
0x00007ffe7b540000 - 0x00007ffe7b7a6000 	C:\WINDOWS\SYSTEM32\ntdll.dll
0x00007ffe79c60000 - 0x00007ffe79d29000 	C:\WINDOWS\System32\KERNEL32.DLL
0x00007ffe78ad0000 - 0x00007ffe78ecf000 	C:\WINDOWS\System32\KERNELBASE.dll
0x00007ffe78810000 - 0x00007ffe7895c000 	C:\WINDOWS\System32\ucrtbase.dll
0x00007ffe4d8e0000 - 0x00007ffe4d8fb000 	D:\app-Android-Studio\jbr\bin\VCRUNTIME140.dll
0x00007ffe590f0000 - 0x00007ffe59108000 	D:\app-Android-Studio\jbr\bin\jli.dll
0x00007ffe7a080000 - 0x00007ffe7a246000 	C:\WINDOWS\System32\USER32.dll
0x00007ffe78aa0000 - 0x00007ffe78ac7000 	C:\WINDOWS\System32\win32u.dll
0x00007ffe7b4d0000 - 0x00007ffe7b4fb000 	C:\WINDOWS\System32\GDI32.dll
0x00007ffe78970000 - 0x00007ffe78a99000 	C:\WINDOWS\System32\gdi32full.dll
0x00007ffe639e0000 - 0x00007ffe63c71000 	C:\WINDOWS\WinSxS\amd64_microsoft.windows.common-controls_6595b64144ccf1df_6.0.26100.8972_none_3e0da176e32f9d4b\COMCTL32.dll
0x00007ffe79130000 - 0x00007ffe791d3000 	C:\WINDOWS\System32\msvcp_win.dll
0x00007ffe79390000 - 0x00007ffe79439000 	C:\WINDOWS\System32\msvcrt.dll
0x00007ffe79f10000 - 0x00007ffe79f42000 	C:\WINDOWS\System32\IMM32.DLL
0x00007ffe65950000 - 0x00007ffe6595c000 	D:\app-Android-Studio\jbr\bin\vcruntime140_1.dll
0x00007ffe59060000 - 0x00007ffe590ed000 	D:\app-Android-Studio\jbr\bin\msvcp140.dll
0x00007ffda09d0000 - 0x00007ffda1666000 	D:\app-Android-Studio\jbr\bin\server\jvm.dll
0x00007ffe7a4d0000 - 0x00007ffe7a58c000 	C:\WINDOWS\System32\ADVAPI32.dll
0x00007ffe79f50000 - 0x00007ffe79ffa000 	C:\WINDOWS\System32\sechost.dll
0x00007ffe79950000 - 0x00007ffe79a68000 	C:\WINDOWS\System32\RPCRT4.dll
0x00007ffe79bc0000 - 0x00007ffe79c42000 	C:\WINDOWS\System32\WS2_32.dll
0x00007ffe785b0000 - 0x00007ffe7860e000 	C:\WINDOWS\SYSTEM32\POWRPROF.dll
0x00007ffe639a0000 - 0x00007ffe639d6000 	C:\WINDOWS\SYSTEM32\WINMM.dll
0x00007ffe6f4e0000 - 0x00007ffe6f4eb000 	C:\WINDOWS\SYSTEM32\VERSION.dll
0x00007ffe78590000 - 0x00007ffe785a5000 	C:\WINDOWS\SYSTEM32\UMPDC.dll
0x00007ffe77440000 - 0x00007ffe7745b000 	C:\WINDOWS\SYSTEM32\kernel.appcore.dll
0x00007ffe59110000 - 0x00007ffe5911a000 	D:\app-Android-Studio\jbr\bin\jimage.dll
0x00007ffe68820000 - 0x00007ffe68a62000 	C:\WINDOWS\SYSTEM32\DBGHELP.DLL
0x00007ffe795c0000 - 0x00007ffe79945000 	C:\WINDOWS\System32\combase.dll
0x00007ffe79ae0000 - 0x00007ffe79bb9000 	C:\WINDOWS\System32\OLEAUT32.dll
0x00007ffe180d0000 - 0x00007ffe1810b000 	C:\WINDOWS\SYSTEM32\dbgcore.DLL
0x00007ffe78750000 - 0x00007ffe787fc000 	C:\WINDOWS\System32\bcryptPrimitives.dll
0x00007ffe59150000 - 0x00007ffe5915e000 	D:\app-Android-Studio\jbr\bin\instrument.dll
0x00007ffe18070000 - 0x00007ffe18090000 	D:\app-Android-Studio\jbr\bin\java.dll
0x00007ffe18050000 - 0x00007ffe18068000 	D:\app-Android-Studio\jbr\bin\zip.dll
0x00007ffe7a630000 - 0x00007ffe7adb8000 	C:\WINDOWS\System32\SHELL32.dll
0x00007ffe76220000 - 0x00007ffe76abb000 	C:\WINDOWS\SYSTEM32\windows.storage.dll
0x00007ffe79290000 - 0x00007ffe79389000 	C:\WINDOWS\System32\SHCORE.dll
0x00007ffe79520000 - 0x00007ffe79586000 	C:\WINDOWS\System32\shlwapi.dll
0x00007ffe78670000 - 0x00007ffe78699000 	C:\WINDOWS\SYSTEM32\profapi.dll
0x00007ffe59030000 - 0x00007ffe59040000 	D:\app-Android-Studio\jbr\bin\net.dll
0x00007ffe71f00000 - 0x00007ffe72028000 	C:\WINDOWS\SYSTEM32\WINHTTP.dll
0x00007ffe779f0000 - 0x00007ffe77a5c000 	C:\WINDOWS\system32\mswsock.dll
0x00007ffe18030000 - 0x00007ffe18046000 	D:\app-Android-Studio\jbr\bin\nio.dll
0x00007ffe65cf0000 - 0x00007ffe65d00000 	D:\app-Android-Studio\jbr\bin\verify.dll
0x00007ffe58f50000 - 0x00007ffe58f77000 	C:\TAREAS-APLICACIONES\native\660c5614fbf4a5f2a75b1949f50a0caf5cd603558e7d8a26e50b933a0cfb79d1\windows-amd64\native-platform.dll
0x00007ffe58e70000 - 0x00007ffe58ee7000 	C:\TAREAS-APLICACIONES\native\0.2.8\x86_64-windows-gnu\gradle-fileevents.dll
0x00007ffe58fa0000 - 0x00007ffe58fa9000 	D:\app-Android-Studio\jbr\bin\management.dll
0x00007ffe58cd0000 - 0x00007ffe58cdb000 	D:\app-Android-Studio\jbr\bin\management_ext.dll
0x00007ffe7a250000 - 0x00007ffe7a258000 	C:\WINDOWS\System32\PSAPI.DLL
0x00007ffe76e10000 - 0x00007ffe76e43000 	C:\WINDOWS\SYSTEM32\IPHLPAPI.DLL
0x00007ffe79ad0000 - 0x00007ffe79ada000 	C:\WINDOWS\System32\NSI.dll
0x00007ffe58fe0000 - 0x00007ffe58fe9000 	D:\app-Android-Studio\jbr\bin\extnet.dll
0x00007ffe77ce0000 - 0x00007ffe77cfb000 	C:\WINDOWS\SYSTEM32\CRYPTSP.dll
0x00007ffe773a0000 - 0x00007ffe773d9000 	C:\WINDOWS\system32\rsaenh.dll
0x00007ffe77aa0000 - 0x00007ffe77ad2000 	C:\WINDOWS\SYSTEM32\USERENV.dll
0x00007ffe78640000 - 0x00007ffe7866a000 	C:\WINDOWS\SYSTEM32\bcrypt.dll
0x00007ffe77d00000 - 0x00007ffe77d0c000 	C:\WINDOWS\SYSTEM32\CRYPTBASE.dll
0x00007ffe52ec0000 - 0x00007ffe52ec8000 	C:\WINDOWS\system32\wshunix.dll

JVMTI agents:
C:\TAREAS-APLICACIONES\wrapper\dists\gradle-9.4.1-bin\arn2x92ynaizyzdaamcbpbhtj\gradle-9.4.1\lib\agents\gradle-instrumentation-agent-9.4.1.jar path:D:\app-Android-Studio\jbr\bin\instrument.dll, loaded, initialized, instrumentlib options:none

dbghelp: loaded successfully - version: 4.0.5 - missing functions: none
symbol engine: initialized successfully - sym options: 0x614 - pdb path: .;D:\app-Android-Studio\jbr\bin;C:\WINDOWS\SYSTEM32;C:\WINDOWS\WinSxS\amd64_microsoft.windows.common-controls_6595b64144ccf1df_6.0.26100.8972_none_3e0da176e32f9d4b;D:\app-Android-Studio\jbr\bin\server;C:\TAREAS-APLICACIONES\native\660c5614fbf4a5f2a75b1949f50a0caf5cd603558e7d8a26e50b933a0cfb79d1\windows-amd64;C:\TAREAS-APLICACIONES\native\0.2.8\x86_64-windows-gnu

VM Arguments:
jvm_args: --add-opens=java.base/java.lang=ALL-UNNAMED --add-opens=java.base/java.lang.invoke=ALL-UNNAMED --add-opens=java.base/java.util=ALL-UNNAMED --add-opens=java.prefs/java.util.prefs=ALL-UNNAMED --add-exports=jdk.compiler/com.sun.tools.javac.api=ALL-UNNAMED --add-exports=jdk.compiler/com.sun.tools.javac.util=ALL-UNNAMED --add-opens=java.base/java.util=ALL-UNNAMED --add-opens=java.prefs/java.util.prefs=ALL-UNNAMED --add-opens=java.base/java.nio.charset=ALL-UNNAMED --add-opens=java.base/java.net=ALL-UNNAMED --add-opens=java.base/java.util.concurrent=ALL-UNNAMED --add-opens=java.base/java.util.concurrent.atomic=ALL-UNNAMED --add-opens=java.xml/javax.xml.namespace=ALL-UNNAMED --add-opens=java.base/java.time=ALL-UNNAMED -Xmx2048m -Dfile.encoding=UTF-8 -Duser.country=EC -Duser.language=es -Duser.variant -javaagent:C:\TAREAS-APLICACIONES\wrapper\dists\gradle-9.4.1-bin\arn2x92ynaizyzdaamcbpbhtj\gradle-9.4.1\lib\agents\gradle-instrumentation-agent-9.4.1.jar 
java_command: org.gradle.launcher.daemon.bootstrap.GradleDaemon 9.4.1
java_class_path (initial): C:\TAREAS-APLICACIONES\wrapper\dists\gradle-9.4.1-bin\arn2x92ynaizyzdaamcbpbhtj\gradle-9.4.1\lib\gradle-daemon-main-9.4.1.jar
Launcher Type: SUN_STANDARD

[Global flags]
     intx CICompilerCount                          = 4                                         {product} {ergonomic}
     uint ConcGCThreads                            = 2                                         {product} {ergonomic}
     uint G1ConcRefinementThreads                  = 8                                         {product} {ergonomic}
   size_t G1HeapRegionSize                         = 1048576                                   {product} {ergonomic}
    uintx GCDrainStackTargetSize                   = 64                                        {product} {ergonomic}
   size_t InitialHeapSize                          = 65011712                                  {product} {ergonomic}
   size_t MarkStackSize                            = 4194304                                   {product} {ergonomic}
   size_t MaxHeapSize                              = 2147483648                                {product} {command line}
   size_t MaxNewSize                               = 1287651328                                {product} {ergonomic}
   size_t MinHeapDeltaBytes                        = 1048576                                   {product} {ergonomic}
   size_t MinHeapSize                              = 8388608                                   {product} {ergonomic}
    uintx NonNMethodCodeHeapSize                   = 5839372                                {pd product} {ergonomic}
    uintx NonProfiledCodeHeapSize                  = 122909434                              {pd product} {ergonomic}
    uintx ProfiledCodeHeapSize                     = 122909434                              {pd product} {ergonomic}
    uintx ReservedCodeCacheSize                    = 251658240                              {pd product} {ergonomic}
     bool SegmentedCodeCache                       = true                                      {product} {ergonomic}
   size_t SoftMaxHeapSize                          = 2147483648                             {manageable} {ergonomic}
     bool UseCompressedOops                        = true                           {product lp64_product} {ergonomic}
     bool UseG1GC                                  = true                                      {product} {ergonomic}
     bool UseLargePagesIndividualAllocation        = false                                  {pd product} {ergonomic}

Logging:
Log output configuration:
 #0: stdout all=warning uptime,level,tags foldmultilines=false
 #1: stderr all=off uptime,level,tags foldmultilines=false

Release file:
JAVA_VERSION="21.0.10" 
MODULES="java.base java.compiler java.datatransfer java.xml java.prefs java.desktop java.instrument java.logging java.management java.security.sasl java.naming java.rmi java.management.rmi java.net.http java.scripting java.security.jgss java.transaction.xa java.sql java.sql.rowset java.xml.crypto java.se java.smartcardio jdk.accessibility jdk.internal.jvmstat jdk.attach jdk.charsets jdk.internal.opt jdk.zipfs jdk.compiler jdk.crypto.ec jdk.crypto.cryptoki jdk.dynalink jdk.hotspot.agent jdk.httpserver jdk.internal.ed jdk.internal.le jdk.internal.vm.ci jdk.jartool jdk.javadoc jdk.jcmd jdk.jdeps jdk.jdwp.agent jdk.jdi jdk.jfr jdk.jlink jdk.jsobject jdk.localedata jdk.management jdk.management.agent jdk.management.jfr jdk.naming.dns jdk.naming.rmi jdk.net jdk.sctp jdk.security.auth jdk.security.jgss jdk.unsupported jdk.unsupported.desktop jdk.xml.dom" 
IMPLEMENTOR="JetBrains s.r.o." 
JAVA_RUNTIME_VERSION="21.0.10+-14961533-b1163.108" 
LIBC="default" 
OS_ARCH="x86_64" 
OS_NAME="Windows" 
SOURCE=".:git:1351622c2ff2" 

Environment Variables:
PATH=C:\Program Files\Eclipse Adoptium\jdk-17.0.19.10-hotspot\bin;C:\WINDOWS\system32;C:\WINDOWS;C:\WINDOWS\System32\Wbem;C:\WINDOWS\System32\WindowsPowerShell\v1.0\;C:\WINDOWS\System32\OpenSSH\;C:\Program Files\Microsoft SQL Server\170\Tools\Binn\;D:\Git\cmd;D:\nodejs\;C:\Program Files\Microsoft SQL Server\Client SDK\ODBC\170\Tools\Binn\;C:\Program Files\dotnet\;C:\Users\ESTEFANIA\AppData\Local\Microsoft\WindowsApps;D:\Microsoft VS Code\bin;C:\Users\ESTEFANIA\AppData\Roaming\npm;C:\Users\ESTEFANIA\.dotnet\tools
USERNAME=ESTEFANIA
OS=Windows_NT
PROCESSOR_IDENTIFIER=Intel64 Family 6 Model 142 Stepping 12, GenuineIntel
TMP=C:\Users\ESTEFA~1\AppData\Local\Temp
TEMP=C:\Users\ESTEFA~1\AppData\Local\Temp




Periodic native trim disabled

JNI global refs:
JNI global refs: 23, weak refs: 0

JNI global refs memory usage: 835, weak refs: 833

Process memory usage:
Resident Set Size: 169624K (4% of 3949252K total physical memory with 294912K free physical memory)

OOME stack traces (most recent first):
Classloader memory used:
Loader bootstrap                                                                       : 16187K
Loader org.gradle.internal.classloader.VisitableURLClassLoader                         : 9912K
Loader org.gradle.initialization.MixInLegacyTypesClassLoader                           : 576K
Loader jdk.internal.loader.ClassLoaders$AppClassLoader                                 : 189K
Loader jdk.internal.loader.ClassLoaders$PlatformClassLoader                            : 164K

Classes loaded by more than one classloader:
Class org.gradle.internal.classloader.FilteringClassLoader                            : loaded 2 times (x 105B)
Class org.gradle.internal.classloader.ClassLoaderHierarchy                            : loaded 2 times (x 70B)
Class org.gradle.internal.classloader.DefaultClassLoaderFactory                       : loaded 2 times (x 82B)
Class org.gradle.api.internal.DefaultClassPathProvider                                : loaded 2 times (x 76B)
Class [Lorg.gradle.api.internal.ClassPathProvider;                                    : loaded 2 times (x 69B)
Class org.gradle.api.internal.ClassPathProvider                                       : loaded 2 times (x 70B)
Class org.gradle.internal.service.UnknownServiceException                             : loaded 2 times (x 83B)
Class org.gradle.internal.classpath.TransformedClassPath                              : loaded 2 times (x 96B)
Class org.gradle.internal.classloader.InstrumentingClassLoader                        : loaded 2 times (x 70B)
Class org.gradle.internal.service.ServiceLocator                                      : loaded 2 times (x 70B)
Class org.gradle.api.internal.classpath.DefaultModuleRegistry$DefaultModule           : loaded 2 times (x 82B)
Class org.gradle.api.internal.classpath.Module                                        : loaded 2 times (x 70B)
Class org.gradle.api.internal.classpath.UnknownModuleException                        : loaded 2 times (x 82B)
Class org.gradle.api.internal.DefaultClassPathRegistry                                : loaded 2 times (x 76B)
Class org.gradle.internal.classpath.DefaultClassPath$ImmutableUniqueList              : loaded 2 times (x 199B)
Class org.gradle.api.internal.ClassPathRegistry                                       : loaded 2 times (x 70B)
Class org.gradle.internal.classpath.ClassPath                                         : loaded 2 times (x 70B)
Class org.gradle.api.internal.classpath.DefaultModuleRegistry$DefaultModuleAlias      : loaded 2 times (x 80B)
Class org.gradle.api.internal.classpath.ModuleRegistry                                : loaded 2 times (x 70B)
Class org.gradle.internal.installation.GradleInstallation$1                           : loaded 2 times (x 75B)
Class org.gradle.api.internal.classpath.DefaultModuleRegistry                         : loaded 2 times (x 84B)
Class org.gradle.internal.service.ServiceLookupException                              : loaded 2 times (x 82B)
Class org.gradle.internal.classloader.ClassLoaderFactory                              : loaded 2 times (x 70B)
Class org.gradle.internal.service.CachingServiceLocator                               : loaded 2 times (x 82B)
Class org.gradle.internal.classloader.ClasspathUtil                                   : loaded 2 times (x 71B)
Class org.gradle.api.specs.Spec                                                       : loaded 2 times (x 70B)
Class org.gradle.internal.classloader.VisitableURLClassLoader$InstrumentingVisitableURLClassLoader: loaded 2 times (x 123B)
Class org.gradle.internal.classloader.VisitableURLClassLoader$Spec                    : loaded 2 times (x 74B)
Class org.gradle.internal.classpath.DefaultClassPath                                  : loaded 2 times (x 90B)
Class org.gradle.internal.classloader.ClassLoaderSpec                                 : loaded 2 times (x 71B)
Class org.gradle.api.internal.classpath.Module$ModuleAlias                            : loaded 2 times (x 70B)
Class org.gradle.internal.classloader.VisitableURLClassLoader                         : loaded 2 times (x 117B)
Class org.gradle.internal.Cast                                                        : loaded 2 times (x 71B)
Class org.gradle.api.Action                                                           : loaded 2 times (x 70B)
Class org.gradle.internal.classpath.DefaultClassPath$ImmutableUniqueList$Builder      : loaded 2 times (x 75B)
Class org.gradle.api.GradleException                                                  : loaded 2 times (x 82B)
Class org.gradle.internal.IoActions                                                   : loaded 2 times (x 71B)
Class org.gradle.internal.installation.CurrentGradleInstallationLocator               : loaded 2 times (x 71B)
Class org.gradle.internal.service.DefaultServiceLocator                               : loaded 2 times (x 83B)
Class org.gradle.internal.installation.CurrentGradleInstallation                      : loaded 2 times (x 73B)
Class org.gradle.util.internal.GUtil                                                  : loaded 2 times (x 71B)
Class org.gradle.internal.installation.GradleInstallation                             : loaded 2 times (x 75B)

---------------  S Y S T E M  ---------------

OS:
 Windows 11 , 64 bit Build 26100 (10.0.26100.9168)
OS uptime: 2 days 1:43 hours

CPU: total 8 (initial active 8) (4 cores per cpu, 2 threads per core) family 6 model 142 stepping 12 microcode 0xfc, cx8, cmov, fxsr, ht, mmx, 3dnowpref, sse, sse2, sse3, ssse3, sse4.1, sse4.2, popcnt, lzcnt, tsc, tscinvbit, avx, avx2, aes, erms, clmul, bmi1, bmi2, adx, fma, vzeroupper, clflush, clflushopt, rdtscp, f16c
Processor Information for the first 8 processors :
  Max Mhz: 2112, Current Mhz: 1609, Mhz Limit: 1605

Memory: 4k page, system-wide physical 3856M (295M free)
TotalPageFile size 15632M (AvailPageFile size 15M)
current process WorkingSet (physical memory assigned to process): 165M, peak: 165M
current process commit charge ("private bytes"): 213M, peak: 216M

vm_info: OpenJDK 64-Bit Server VM (21.0.10+-14961533-b1163.108) for windows-amd64 JRE (21.0.10+-14961533-b1163.108), built on 2026-03-02T19:58:50Z by "builder" with MS VC++ 16.10 / 16.11 (VS2019)

END.
